// Vitest Snapshot v1, https://vitest.dev/guide/snapshot.html

exports[`Header > should render and match the snapshot 1`] = `
<React.Fragment>
  <Row
    align="middle"
  >
    <Col
      offset={3}
      span={9}
    >
      <Link
        to="/"
      >
        <div
          style={
            {
              "display": "flex",
            }
          }
        >
          <h1>
            Video App
          </h1>
        </div>
      </Link>
    </Col>
    <Col
      offset={1}
      span={9}
    >
      <Login />
    </Col>
  </Row>
  <Divider
    style={
      {
        "marginTop": 5,
      }
    }
  />
</React.Fragment>
`;
